nohup: Eingabe wird ignoriert
/home/danijel-jd/Dokumente/Workspace/Projekte/Gesamtprojekt/19.dashboard_agent/main_opena5_browser.py:80: DeprecationWarning:
        on_event is deprecated, use lifespan event handlers instead.

        Read more about it in the
        [FastAPI docs for Lifespan Events](https://fastapi.tiangolo.com/advanced/events/).

  @app.on_event("startup")
/home/danijel-jd/Dokumente/Workspace/Projekte/Gesamtprojekt/19.dashboard_agent/main_opena5_browser.py:92: DeprecationWarning:
        on_event is deprecated, use lifespan event handlers instead.

        Read more about it in the
        [FastAPI docs for Lifespan Events](https://fastapi.tiangolo.com/advanced/events/).

  @app.on_event("shutdown")
INFO:__main__:🚀 Starting opena5_Browser on port 12353
INFO:     Started server process [2851644]
INFO:     Waiting for application startup.
INFO:browser_selenium:✅ Chrome WebDriver initialized
INFO:__main__:✅ opena5_Browser startup complete
INFO:     Application startup complete.
INFO:     Uvicorn running on http://127.0.0.1:12353 (Press CTRL+C to quit)
/home/danijel-jd/Dokumente/Workspace/Projekte/Gesamtprojekt/19.dashboard_agent/main_opena5_browser.py:157: DeprecationWarning: datetime.datetime.utcnow() is deprecated and scheduled for removal in a future version. Use timezone-aware objects to represent datetimes in UTC: datetime.datetime.now(datetime.UTC).
  "ts": datetime.utcnow().isoformat() + "Z"
INFO:     127.0.0.1:59552 - "GET /health HTTP/1.1" 200 OK
INFO:     127.0.0.1:59564 - "GET /health HTTP/1.1" 200 OK
INFO:     127.0.0.1:34368 - "GET /health HTTP/1.1" 200 OK
INFO:     127.0.0.1:56744 - "GET /health HTTP/1.1" 200 OK
INFO:     127.0.0.1:54614 - "GET /health HTTP/1.1" 200 OK
INFO:     127.0.0.1:57890 - "GET /health HTTP/1.1" 200 OK
INFO:     Shutting down
INFO:     Waiting for application shutdown.
INFO:browser_selenium:✅ Browser closed
INFO:__main__:✅ opena5_Browser shutdown complete
INFO:     Application shutdown complete.
INFO:     Finished server process [2851644]
